// Jest Snapshot v1, https://goo.gl/fbAQLP

exports[`MainApp component check renders learn react link 1`] = `
<input
  class="input"
  name="email"
  placeholder="Email"
  type="email"
/>
`;
